00:00 +0: loading /home/kerem/Masaüstü/Projects/crossclimber/test/widget_test.dart                                                                                                                     00:01 +0: loading /home/kerem/Masaüstü/Projects/crossclimber/test/widget_test.dart                                                                                                                     lib/screens/game_screen.dart:813:23: Error: Can't find ')' to match '('.
              SizedBox(
                      ^
00:02 +0: loading /home/kerem/Masaüstü/Projects/crossclimber/test/widget_test.dart                                                                                                                     00:03 +0: loading /home/kerem/Masaüstü/Projects/crossclimber/test/widget_test.dart                                                                                                                     00:04 +0: loading /home/kerem/Masaüstü/Projects/crossclimber/test/widget_test.dart                                                                                                                     lib/screens/game_screen.dart:272:11: Error: No named parameter with the name 'icon'.
          icon: Icons.favorite,
          ^^^^
lib/widgets/modern_dialog.dart:165:9: Context: Found this candidate, but the arguments don't match.
  const ModernDialogAction({
        ^^^^^^^^^^^^^^^^^^
lib/screens/game_screen.dart:280:11: Error: No named parameter with the name 'icon'.
          icon: Icons.favorite,
          ^^^^
lib/widgets/modern_dialog.dart:165:9: Context: Found this candidate, but the arguments don't match.
  const ModernDialogAction({
        ^^^^^^^^^^^^^^^^^^
lib/screens/game_screen.dart:287:11: Error: No named parameter with the name 'isDestructive'.
          isDestructive: true,
          ^^^^^^^^^^^^^
lib/widgets/modern_dialog.dart:165:9: Context: Found this candidate, but the arguments don't match.
  const ModernDialogAction({
        ^^^^^^^^^^^^^^^^^^
lib/screens/game_screen.dart:308:13: Error: Expected an identifier, but got ')'.
Try inserting an identifier before ')'.
            ),
            ^
lib/screens/game_screen.dart:307:7: Error: Expected ';' after this.
    });
      ^
lib/screens/game_screen.dart:308:13: Error: Unexpected token ';'.
            ),
            ^
lib/screens/game_screen.dart:308:14: Error: Expected an identifier, but got ','.
Try inserting an identifier before ','.
            ),
             ^
lib/screens/game_screen.dart:308:13: Error: Expected ';' after this.
            ),
            ^
lib/screens/game_screen.dart:308:14: Error: Unexpected token ';'.
            ),
             ^
lib/screens/game_screen.dart:309:11: Error: Expected an identifier, but got ')'.
Try inserting an identifier before ')'.
          ),
          ^
lib/screens/game_screen.dart:308:14: Error: Expected ';' after this.
            ),
             ^
lib/screens/game_screen.dart:309:11: Error: Unexpected token ';'.
          ),
          ^
lib/screens/game_screen.dart:309:12: Error: Expected an identifier, but got ','.
Try inserting an identifier before ','.
          ),
           ^
lib/screens/game_screen.dart:309:11: Error: Expected ';' after this.
          ),
          ^
lib/screens/game_screen.dart:309:12: Error: Unexpected token ';'.
          ),
           ^
lib/screens/game_screen.dart:310:9: Error: Expected an identifier, but got ')'.
Try inserting an identifier before ')'.
        ).animate().scale(duration: 300.ms, curve: Curves.elasticOut),
        ^
lib/screens/game_screen.dart:309:12: Error: Expected ';' after this.
          ),
           ^
lib/screens/game_screen.dart:310:9: Error: Unexpected token ';'.
        ).animate().scale(duration: 300.ms, curve: Curves.elasticOut),
        ^
lib/screens/game_screen.dart:310:10: Error: This requires the experimental 'dot-shorthands' language feature to be enabled.
Try passing the '--enable-experiment=dot-shorthands' command line option.
        ).animate().scale(duration: 300.ms, curve: Curves.elasticOut),
         ^
lib/screens/game_screen.dart:310:69: Error: Expected ';' after this.
        ).animate().scale(duration: 300.ms, curve: Curves.elasticOut),
                                                                    ^
lib/screens/game_screen.dart:310:70: Error: Expected an identifier, but got ','.
Try inserting an identifier before ','.
        ).animate().scale(duration: 300.ms, curve: Curves.elasticOut),
                                                                     ^
lib/screens/game_screen.dart:310:70: Error: Unexpected token ';'.
        ).animate().scale(duration: 300.ms, curve: Curves.elasticOut),
                                                                     ^
lib/screens/game_screen.dart:311:7: Error: Expected an identifier, but got ')'.
Try inserting an identifier before ')'.
      ),
      ^
lib/screens/game_screen.dart:310:70: Error: Expected ';' after this.
        ).animate().scale(duration: 300.ms, curve: Curves.elasticOut),
                                                                     ^
lib/screens/game_screen.dart:311:7: Error: Unexpected token ';'.
      ),
      ^
lib/screens/game_screen.dart:311:8: Error: Expected an identifier, but got ','.
Try inserting an identifier before ','.
      ),
       ^
lib/screens/game_screen.dart:311:7: Error: Expected ';' after this.
      ),
      ^
lib/screens/game_screen.dart:311:8: Error: Unexpected token ';'.
      ),
       ^
lib/screens/game_screen.dart:312:5: Error: Expected an identifier, but got ')'.
Try inserting an identifier before ')'.
    );
    ^
lib/screens/game_screen.dart:311:8: Error: Expected ';' after this.
      ),
       ^
lib/screens/game_screen.dart:312:5: Error: Unexpected token ';'.
    );
    ^
00:05 +0: loading /home/kerem/Masaüstü/Projects/crossclimber/test/widget_test.dart                                                                                                                     00:06 +0 -1: loading /home/kerem/Masaüstü/Projects/crossclimber/test/widget_test.dart [E]                                                                                                              
  Failed to load "/home/kerem/Masaüstü/Projects/crossclimber/test/widget_test.dart":
  Compilation failed for testPath=/home/kerem/Masaüstü/Projects/crossclimber/test/widget_test.dart: lib/screens/game_screen.dart:813:23: Error: Can't find ')' to match '('.
                SizedBox(
                        ^
  lib/screens/game_screen.dart:272:11: Error: No named parameter with the name 'icon'.
            icon: Icons.favorite,
            ^^^^
  lib/widgets/modern_dialog.dart:165:9: Context: Found this candidate, but the arguments don't match.
    const ModernDialogAction({
          ^^^^^^^^^^^^^^^^^^
  lib/screens/game_screen.dart:280:11: Error: No named parameter with the name 'icon'.
            icon: Icons.favorite,
            ^^^^
  lib/widgets/modern_dialog.dart:165:9: Context: Found this candidate, but the arguments don't match.
    const ModernDialogAction({
          ^^^^^^^^^^^^^^^^^^
  lib/screens/game_screen.dart:287:11: Error: No named parameter with the name 'isDestructive'.
            isDestructive: true,
            ^^^^^^^^^^^^^
  lib/widgets/modern_dialog.dart:165:9: Context: Found this candidate, but the arguments don't match.
    const ModernDialogAction({
          ^^^^^^^^^^^^^^^^^^
  lib/screens/game_screen.dart:308:13: Error: Expected an identifier, but got ')'.
  Try inserting an identifier before ')'.
              ),
              ^
  lib/screens/game_screen.dart:307:7: Error: Expected ';' after this.
      });
        ^
  lib/screens/game_screen.dart:308:13: Error: Unexpected token ';'.
              ),
              ^
  lib/screens/game_screen.dart:308:14: Error: Expected an identifier, but got ','.
  Try inserting an identifier before ','.
              ),
               ^
  lib/screens/game_screen.dart:308:13: Error: Expected ';' after this.
              ),
              ^
  lib/screens/game_screen.dart:308:14: Error: Unexpected token ';'.
              ),
               ^
  lib/screens/game_screen.dart:309:11: Error: Expected an identifier, but got ')'.
  Try inserting an identifier before ')'.
            ),
            ^
  lib/screens/game_screen.dart:308:14: Error: Expected ';' after this.
              ),
               ^
  lib/screens/game_screen.dart:309:11: Error: Unexpected token ';'.
            ),
            ^
  lib/screens/game_screen.dart:309:12: Error: Expected an identifier, but got ','.
  Try inserting an identifier before ','.
            ),
             ^
  lib/screens/game_screen.dart:309:11: Error: Expected ';' after this.
            ),
            ^
  lib/screens/game_screen.dart:309:12: Error: Unexpected token ';'.
            ),
             ^
  lib/screens/game_screen.dart:310:9: Error: Expected an identifier, but got ')'.
  Try inserting an identifier before ')'.
          ).animate().scale(duration: 300.ms, curve: Curves.elasticOut),
          ^
  lib/screens/game_screen.dart:309:12: Error: Expected ';' after this.
            ),
             ^
  lib/screens/game_screen.dart:310:9: Error: Unexpected token ';'.
          ).animate().scale(duration: 300.ms, curve: Curves.elasticOut),
          ^
  lib/screens/game_screen.dart:310:10: Error: This requires the experimental 'dot-shorthands' language feature to be enabled.
  Try passing the '--enable-experiment=dot-shorthands' command line option.
          ).animate().scale(duration: 300.ms, curve: Curves.elasticOut),
           ^
  lib/screens/game_screen.dart:310:69: Error: Expected ';' after this.
          ).animate().scale(duration: 300.ms, curve: Curves.elasticOut),
                                                                      ^
  lib/screens/game_screen.dart:310:70: Error: Expected an identifier, but got ','.
  Try inserting an identifier before ','.
          ).animate().scale(duration: 300.ms, curve: Curves.elasticOut),
                                                                       ^
  lib/screens/game_screen.dart:310:70: Error: Unexpected token ';'.
          ).animate().scale(duration: 300.ms, curve: Curves.elasticOut),
                                                                       ^
  lib/screens/game_screen.dart:311:7: Error: Expected an identifier, but got ')'.
  Try inserting an identifier before ')'.
        ),
        ^
  lib/screens/game_screen.dart:310:70: Error: Expected ';' after this.
          ).animate().scale(duration: 300.ms, curve: Curves.elasticOut),
                                                                       ^
  lib/screens/game_screen.dart:311:7: Error: Unexpected token ';'.
        ),
        ^
  lib/screens/game_screen.dart:311:8: Error: Expected an identifier, but got ','.
  Try inserting an identifier before ','.
        ),
         ^
  lib/screens/game_screen.dart:311:7: Error: Expected ';' after this.
        ),
        ^
  lib/screens/game_screen.dart:311:8: Error: Unexpected token ';'.
        ),
         ^
  lib/screens/game_screen.dart:312:5: Error: Expected an identifier, but got ')'.
  Try inserting an identifier before ')'.
      );
      ^
  lib/screens/game_screen.dart:311:8: Error: Expected ';' after this.
        ),
         ^
  lib/screens/game_screen.dart:312:5: Error: Unexpected token ';'.
      );
      ^
  .

To run this test again: /home/kerem/development/flutter/bin/cache/dart-sdk/bin/dart test /home/kerem/Masaüstü/Projects/crossclimber/test/widget_test.dart -p vm --plain-name 'loading /home/kerem/Masaüstü/Projects/crossclimber/test/widget_test.dart'
  Error: the Dart compiler exited unexpectedly.
  package:flutter_tools/src/base/common.dart 34:3  throwToolExit
  package:flutter_tools/src/compile.dart 907:11    DefaultResidentCompiler._compile.<fn>
  dart:async/zone.dart 1538:47                     _rootRunUnary
  dart:async/zone.dart 1429:19                     _CustomZone.runUnary
  dart:async/future_impl.dart 951:45               Future._propagateToListeners.handleValueCallback
  dart:async/future_impl.dart 980:13               Future._propagateToListeners
  dart:async/future_impl.dart 865:9                Future._propagateToListeners
  dart:async/future_impl.dart 723:5                Future._completeWithValue
  dart:async/future_impl.dart 807:7                Future._asyncCompleteWithValue.<fn>
  dart:async/zone.dart 1525:13                     _rootRun
  dart:async/zone.dart 1422:19                     _CustomZone.run
  dart:async/zone.dart 1321:7                      _CustomZone.runGuarded
  dart:async/zone.dart 1362:23                     _CustomZone.bindCallbackGuarded.<fn>
  dart:async/schedule_microtask.dart 40:21         _microtaskLoop
  dart:async/schedule_microtask.dart 49:5          _startMicrotaskLoop
  dart:isolate-patch/isolate_patch.dart 127:13     _runPendingImmediateCallback
  dart:isolate-patch/isolate_patch.dart 194:5      _RawReceivePort._handleMessage
  
00:07 +0 -1: loading /home/kerem/Masaüstü/Projects/crossclimber/test/level_repository_test.dart                                                                                                        00:07 +0 -1: /home/kerem/Masaüstü/Projects/crossclimber/test/level_repository_test.dart: Level.fromJson parses correctly                                                                               00:07 +1 -1: /home/kerem/Masaüstü/Projects/crossclimber/test/level_repository_test.dart: Level.fromJson parses correctly                                                                               00:08 +1 -1: /home/kerem/Masaüstü/Projects/crossclimber/test/level_repository_test.dart: Level.fromJson parses correctly                                                                               00:08 +1 -1: loading /home/kerem/Masaüstü/Projects/crossclimber/test/settings_state_test.dart                                                                                                          00:08 +1 -1: /home/kerem/Masaüstü/Projects/crossclimber/test/settings_state_test.dart: SettingsState.copyWith allows clearing the custom theme explicitly                                              00:08 +2 -1: /home/kerem/Masaüstü/Projects/crossclimber/test/settings_state_test.dart: SettingsState.copyWith allows clearing the custom theme explicitly                                              00:08 +2 -1: /home/kerem/Masaüstü/Projects/crossclimber/test/settings_state_test.dart: SettingsState.copyWith updates custom theme when provided                                                       00:08 +3 -1: /home/kerem/Masaüstü/Projects/crossclimber/test/settings_state_test.dart: SettingsState.copyWith updates custom theme when provided                                                       00:08 +3 -1: Some tests failed.                                                                                                                                                                        
